1
0.99375
0.975
0.94375
0.9
0.84375
0.775
0.69375
0.6
0.493827
0.4
0.330579
0.277778
0.236686
0.204082
0.177778
0.15625
0.138408
0.123457
0.110803
0.1
0.0907029
0.0826446
0.0756144
0.0694444
0.064
0.0591716
0.0548697
0.0510204
0.0475624
0.0444444
0.0416233
0.0390625
0.0367309
0.0346021
0.0326531
0.0308642
0.0292184
0.0277008
0.0262985
0.025
0.0237954
0.0226757
0.0216333
0.0206612
0.0197531
0.0189036
0.0181077
0.0173611
0.0166597
0.016
0.0153787
0.0147929
0.0142399
0.0137174
0.0132231
0.0127551
0.0123115
0.0118906
0.011491
0.0111111
0.0107498
0.0104058
0.0100781
0.00976563
0.00946746
0.00918274
0.00891067
0.00865052
0.0084016
0.00816327
0.00793493
0.00771605
0.0075061
0.0073046
0.00711111
0.00692521
0.0067465
0.00657462
0.00640923
0.00625
0.00609663
0.00594884
0.00580636
0.00566893
0.00553633
0.00540833
0.00528471
0.00516529
0.00504987
0.00493827
0.00483033
0.0047259
0.00462481
0.00452694
0.00443213
0.00434028
0.00425125
0.00416493
0.00408122
